// Jest Snapshot v1, https://goo.gl/fbAQLP

exports[`renders correctly 1`] = `
<header
  className="page-header "
>
  <div
    className="logo"
  >
    <a
      className="logo__link logo__link--undefined"
      href="/"
      onClick={[Function]}
    >
      <span
        className="logo__letter logo__letter--1"
      >
        W
      </span>
      <span
        className="logo__letter logo__letter--2"
      >
        T
      </span>
      <span
        className="logo__letter logo__letter--3"
      >
        W
      </span>
    </a>
  </div>
  <h1
    className="page-title user-page__title"
  >
    
  </h1>
  <div
    className="user-block"
  >
    <a
      className="user-block__link"
      href="/login"
      onClick={[Function]}
    >
      Sign in
    </a>
  </div>
</header>
`;
