// Jest Snapshot v1, https://goo.gl/fbAQLP

exports[`renders correctly 1`] = `
<div
  className="catalog__more"
  style={
    Object {
      "display": "block",
    }
  }
>
  <button
    className="catalog__button"
    type="button"
  >
    Show more
  </button>
</div>
`;
