// Jest Snapshot v1, https://goo.gl/fbAQLP

exports[`renders correctly 1`] = `
<ul
  className="catalog__genres-list"
>
  <li
    className="catalog__genres-item undefined"
  >
    <a
      className="catalog__genres-link"
      href="#"
      onClick={[Function]}
    >
      All genres
    </a>
  </li>
  <li
    className="catalog__genres-item undefined"
  >
    <a
      className="catalog__genres-link"
      href="#"
      onClick={[Function]}
    >
      Action
    </a>
  </li>
</ul>
`;
