// Jest Snapshot v1, https://goo.gl/fbAQLP

exports[`renders correctly 1`] = `
<video
  autoPlay={true}
  controls={false}
  muted={true}
  poster=""
  style={
    Object {
      "maxWidth": "100%",
      "objectFit": "cover",
    }
  }
>
  <source
    src=""
    type="video/"
  />
</video>
`;
